// Vitest Snapshot v1, https://vitest.dev/guide/snapshot.html

exports[`Composição industrial — gaveta de madeira (5 peças) > cutlist com exactamente 5 peças, espessuras e tokens corretos 1`] = `
[
  {
    "boxId": "wood-comp",
    "dimensoes": {
      "altura": 360,
      "largura": 596,
      "profundidade": 19,
    },
    "espessura": 19,
    "grainDirection": "YY",
    "id": "wood-comp-drawer-0-front-ext",
    "material": "MDF Branco 19",
    "materialId": "mdf_branco-19",
    "metadata": {
      "drawerGroupName": undefined,
      "drawerHardware": [
        {
          "capacidadeCargaKg": 40,
          "nome": "Hettich Quadro V6 You M Silent System",
          "quantidade": 2,
          "softClose": true,
          "tipo": "corredica",
        },
      ],
      "drawerIndex": 1,
      "drawerRules": {
        "bodyWidthMm": 548,
        "bottomThicknessMm": 10,
        "drawerCount": 1,
        "frontHeightMm": 360,
        "handleCenterDistanceMm": undefined,
        "handleOffsetMm": 0,
        "handleOffsetXMm": undefined,
        "handleOffsetYMm": 0,
        "handlePosition": "Centro",
        "handlePositionPercent": undefined,
        "handleProfileId": undefined,
        "handleType": "Nenhum",
        "metalBoxType": "Nenhuma",
        "sideBaseElevationMm": 16.5,
        "sideHeightMm": 274.5,
        "sideThicknessMm": 16,
        "slideType": "Hettich Quadro V6 You M Silent System",
        "softClose": true,
        "stackRole": "single",
      },
      "frontExtPieceName": undefined,
      "frontIntPieceName": undefined,
      "frontPieceName": undefined,
      "industrialLabel": "Modulo_A_gav_frent_ext_01",
      "panelId": "wood-comp-drawer-0-front-ext",
    },
    "nome": "Modulo_A_gav_frent_ext_01",
    "quantidade": 1,
    "sourceType": "parametric",
    "tipo": "gaveta_frente_ext",
  },
  {
    "boxId": "wood-comp",
    "dimensoes": {
      "altura": 274.5,
      "largura": 490,
      "profundidade": 16,
    },
    "espessura": 16,
    "grainDirection": "XX",
    "id": "wood-comp-drawer-0-left",
    "material": "MDF Branco 16",
    "materialId": "mdf_branco-16",
    "metadata": {
      "drawerGroupName": undefined,
      "drawerIndex": 1,
      "drawerRules": {
        "bodyWidthMm": 548,
        "bottomThicknessMm": 10,
        "drawerCount": 1,
        "frontHeightMm": 360,
        "metalBoxHeightMm": 0,
        "metalBoxProfileId": undefined,
        "metalBoxType": "Nenhuma",
        "sideBaseElevationMm": 16.5,
        "sideHeightMm": 274.5,
        "sideThicknessMm": 16,
        "slideType": "Hettich Quadro V6 You M Silent System",
        "softClose": true,
        "stackRole": "single",
      },
      "frontExtPieceName": undefined,
      "frontIntPieceName": undefined,
      "frontPieceName": undefined,
      "industrialLabel": "Modulo_A_gav_lat_esq_01",
      "panelId": "wood-comp-drawer-0-left",
    },
    "nome": "Modulo_A_gav_lat_esq_01",
    "quantidade": 1,
    "sourceType": "parametric",
    "tipo": "gaveta_lat_esq",
  },
  {
    "boxId": "wood-comp",
    "dimensoes": {
      "altura": 274.5,
      "largura": 490,
      "profundidade": 16,
    },
    "espessura": 16,
    "grainDirection": "XX",
    "id": "wood-comp-drawer-0-right",
    "material": "MDF Branco 16",
    "materialId": "mdf_branco-16",
    "metadata": {
      "drawerGroupName": undefined,
      "drawerIndex": 1,
      "drawerRules": {
        "bodyWidthMm": 548,
        "bottomThicknessMm": 10,
        "drawerCount": 1,
        "frontHeightMm": 360,
        "metalBoxHeightMm": 0,
        "metalBoxProfileId": undefined,
        "metalBoxType": "Nenhuma",
        "sideBaseElevationMm": 16.5,
        "sideHeightMm": 274.5,
        "sideThicknessMm": 16,
        "slideType": "Hettich Quadro V6 You M Silent System",
        "softClose": true,
        "stackRole": "single",
      },
      "frontExtPieceName": undefined,
      "frontIntPieceName": undefined,
      "frontPieceName": undefined,
      "industrialLabel": "Modulo_A_gav_lat_dir_01",
      "panelId": "wood-comp-drawer-0-right",
    },
    "nome": "Modulo_A_gav_lat_dir_01",
    "quantidade": 1,
    "sourceType": "parametric",
    "tipo": "gaveta_lat_dir",
  },
  {
    "boxId": "wood-comp",
    "dimensoes": {
      "altura": 516,
      "largura": 536,
      "profundidade": 10,
    },
    "espessura": 10,
    "grainDirection": "XX",
    "id": "wood-comp-drawer-0-bottom",
    "material": "MDF Branco 10",
    "materialId": "mdf_branco-10",
    "metadata": {
      "drawerGroupName": undefined,
      "drawerIndex": 1,
      "frontExtPieceName": undefined,
      "frontIntPieceName": undefined,
      "frontPieceName": undefined,
      "industrialLabel": "Modulo_A_gav_fun_01",
      "panelId": "wood-comp-drawer-0-bottom",
    },
    "nome": "Modulo_A_gav_fun_01",
    "quantidade": 1,
    "sourceType": "parametric",
    "tipo": "gaveta_fundo",
  },
  {
    "boxId": "wood-comp",
    "dimensoes": {
      "altura": 251.5,
      "largura": 516,
      "profundidade": 16,
    },
    "espessura": 16,
    "grainDirection": "XX",
    "id": "wood-comp-drawer-0-back",
    "material": "MDF Branco 16",
    "materialId": "mdf_branco-16",
    "metadata": {
      "drawerGroupName": undefined,
      "drawerIndex": 1,
      "drawerRules": {
        "bodyWidthMm": 548,
        "bottomThicknessMm": 10,
        "drawerCount": 1,
        "frontHeightMm": 360,
        "metalBoxHeightMm": 0,
        "metalBoxProfileId": undefined,
        "metalBoxType": "Nenhuma",
        "sideBaseElevationMm": 16.5,
        "sideHeightMm": 274.5,
        "sideThicknessMm": 16,
        "slideType": "Hettich Quadro V6 You M Silent System",
        "softClose": true,
        "stackRole": "single",
      },
      "frontExtPieceName": undefined,
      "frontIntPieceName": undefined,
      "frontPieceName": undefined,
      "industrialLabel": "Modulo_A_gav_cost_01",
      "panelId": "wood-comp-drawer-0-back",
    },
    "nome": "Modulo_A_gav_cost_01",
    "quantidade": 1,
    "sourceType": "parametric",
    "tipo": "gaveta_traseira",
  },
]
`;
